{
    "Should run without failures": {
        "content": [
            {
                "0": [
                    [
                        {
                            "id": "small_set"
                        },
                        "mosaic_Cellbound_z4.tif:md5,bbbc98eaa4aacfd5dcd445538bf89451"
                    ]
                ],
                "1": [
                    "versions.yml:md5,56806e41fd0c07678b7a463330b4296b"
                ],
                "tif": [
                    [
                        {
                            "id": "small_set"
                        },
                        "mosaic_Cellbound_z4.tif:md5,bbbc98eaa4aacfd5dcd445538bf89451"
                    ]
                ],
                "versions": [
                    "versions.yml:md5,56806e41fd0c07678b7a463330b4296b"
                ]
            }
        ],
        "meta": {
            "nf-test": "0.9.0",
            "nextflow": "24.04.1"
        },
        "timestamp": "2024-09-03T09:24:12.896801299"
    }
}