{
    "Should run without failures": {
        "content": [
            {
                "0": [
                    [
                        {
                            "id": "small_set"
                        },
                        "small_set_metrics.html:md5,4e19c5ecd3e2257edc2b865210d3f788"
                    ]
                ],
                "1": [
                    "versions.yml:md5,17564beb35e1ff117e4196fdf4fcb315"
                ],
                "report": [
                    [
                        {
                            "id": "small_set"
                        },
                        "small_set_metrics.html:md5,4e19c5ecd3e2257edc2b865210d3f788"
                    ]
                ],
                "versions": [
                    "versions.yml:md5,17564beb35e1ff117e4196fdf4fcb315"
                ]
            }
        ],
        "meta": {
            "nf-test": "0.9.0",
            "nextflow": "24.04.1"
        },
        "timestamp": "2024-08-26T16:13:07.748573901"
    }
}